// Jest Snapshot v1, https://goo.gl/fbAQLP

exports[`CarouselSlide renders correctly 1`] = `ShallowWrapper {}`;

exports[`Img renders correctly 1`] = `ReactWrapper {}`;
